0 verbose cli /usr/local/bin/node /usr/local/bin/npm
1 info using npm@10.9.2
2 info using node@v22.17.0
3 silly config load:file:/usr/local/lib/node_modules/npm/npmrc
4 silly config load:file:/workspace/.home/.npmrc
5 silly config load:file:/usr/local/etc/npmrc
6 verbose title npm list jsdom
7 verbose argv "list" "--global" "jsdom"
8 verbose logfile logs-max:10 dir:/workspace/.home/.npm/_logs/2026-08-18T15_44_47_419Z-
9 verbose logfile /workspace/.home/.npm/_logs/2026-08-18T15_44_47_419Z-debug-0.log
10 silly packumentCache heap:1593835520 maxSize:398458880 maxEntrySize:199229440
11 silly logfile done cleaning log files
12 http fetch GET 200 https://registry.npmjs.org/npm 249ms
13 verbose cwd /run/csi/mount-root/nas/eab0d61a99b6696edb3d2aff87b585e8
14 verbose os Linux 5.10.134-18.0.12.lifsea8.x86_64
15 verbose node v22.17.0
16 verbose npm  v10.9.2
17 notice
17 notice New major version of npm available! 10.9.2 -> 12.0.2
17 notice Changelog: https://github.com/npm/cli/releases/tag/v12.0.2
17 notice To update run: npm install -g npm@12.0.2
17 notice  { force: true, [Symbol(proc-log.meta)]: true }
18 verbose exit 1
19 verbose code 1
